// Jest Snapshot v1, https://goo.gl/fbAQLP

exports[`Form should render the form and match the snapshot 1`] = `
<div>
  <form>
    <label>
      <p />
      <input
        id="name"
        name="name"
        value=""
      />
    </label>
    <button
      class="bg-sky-500 text-white font-bold rounded-md px-4 py-2 hover:scale-[.98] active:scale-[.95] transition-all ease-linear"
      type="submit"
    >
       
      Submit
    </button>
  </form>
</div>
`;
