// Jest Snapshot v1, https://goo.gl/fbAQLP

exports[`Button should render and match the snapshot 1`] = `
<div>
  <button
    class="bg-green-500 text-white font-bold rounded-md px-3 py-1 hover:scale-[.98] active:scale-[.95] transition-all ease-linear self-start w-full"
    type="button"
  >
     
    Hello World!
  </button>
</div>
`;
